---
source: extension/partiql-extension-csv/tests/scan.rs
expression: errs
---
[]
