---
source: partiql/tests/ion.rs
expression: "result.to_pretty_string(25).expect(\"pretty\")"
---
[
  { 'x': `1` },
  { 'x': 2 },
  { 'x': `3` },
  { 'x': 4 },
  { 'x': `5` },
  { 'x': 6 }
]
