---
source: partiql/tests/pretty.rs
expression: doc
---
========================================================================================================================================================================================================
SELECT * FROM (g MATCH <-/ start&begin fin> /- )
========================================================================================================================================================================================================

------------------------------------------------------------------------------------------------------------------------------------------------------------------------------------
SELECT * FROM (g MATCH <-/ start&begin fin> /-)

------------------------------------------------------------------------------------------------------------------------
SELECT * FROM (g MATCH <-/ start&begin fin> /-)

--------------------------------------------------------------------------------
SELECT * FROM (g MATCH <-/ start&begin fin> /-)

----------------------------------------
SELECT *
FROM (g MATCH <-/ start&begin fin> /-)

------------------------------
SELECT *
FROM (g MATCH <-/ start&begin fin> /-)

--------------------
SELECT *
FROM (g MATCH <-/ start&begin fin> /-)

----------
SELECT *
FROM (g MATCH <-/ start&begin fin> /-)
