---
source: partiql/tests/pretty.rs
expression: doc
---
========================================================================================================================================================================================================
SELECT * FROM g MATCH ALL SHORTEST [ (x)-[e]->*(y) ]
========================================================================================================================================================================================================

------------------------------------------------------------------------------------------------------------------------------------------------------------------------------------
SELECT * FROM g MATCH ALL SHORTEST (x) -[e]->* (y)

------------------------------------------------------------------------------------------------------------------------
SELECT * FROM g MATCH ALL SHORTEST (x) -[e]->* (y)

--------------------------------------------------------------------------------
SELECT * FROM g MATCH ALL SHORTEST (x) -[e]->* (y)

----------------------------------------
SELECT * FROM g MATCH ALL SHORTEST
  (x) -[e]->* (y)

------------------------------
SELECT *
FROM g MATCH ALL SHORTEST
  (x) -[e]->* (y)

--------------------
SELECT *
FROM g MATCH ALL SHORTEST
  (x) -[e]->* (y)

----------
SELECT *
FROM g MATCH ALL SHORTEST
  (x) -[e]->* (y)
