---
source: partiql/tests/pretty.rs
expression: doc
---
========================================================================================================================================================================================================
SELECT a,b FROM g MATCH (a:A)-{2,6}(b:B)
========================================================================================================================================================================================================

------------------------------------------------------------------------------------------------------------------------------------------------------------------------------------
SELECT a, b FROM g MATCH (a:A) -{2,6} (b:B)

------------------------------------------------------------------------------------------------------------------------
SELECT a, b FROM g MATCH (a:A) -{2,6} (b:B)

--------------------------------------------------------------------------------
SELECT a, b FROM g MATCH (a:A) -{2,6} (b:B)

----------------------------------------
SELECT a, b
FROM g MATCH (a:A) -{2,6} (b:B)

------------------------------
SELECT a, b
FROM g MATCH (a:A) -{2,6} (b:B)

--------------------
SELECT a, b
FROM g MATCH (a:A) -{2,6} (b:B)

----------
SELECT a,
  b
FROM g MATCH (a:A) -{2,6} (b:B)
