---
source: partiql/tests/pretty.rs
expression: doc
---
========================================================================================================================================================================================================
SELECT * FROM (g MATCH <-/ start? intermediate* fin  /-> )
========================================================================================================================================================================================================

------------------------------------------------------------------------------------------------------------------------------------------------------------------------------------
SELECT * FROM (g MATCH <-/ start? intermediate* fin /->)

------------------------------------------------------------------------------------------------------------------------
SELECT * FROM (g MATCH <-/ start? intermediate* fin /->)

--------------------------------------------------------------------------------
SELECT * FROM (g MATCH <-/ start? intermediate* fin /->)

----------------------------------------
SELECT *
FROM (g MATCH <-/ start? intermediate* fin /->)

------------------------------
SELECT *
FROM (g MATCH <-/ start? intermediate* fin /->)

--------------------
SELECT *
FROM (g MATCH <-/ start? intermediate* fin /->)

----------
SELECT *
FROM (g MATCH <-/ start? intermediate* fin /->)
