---
source: partiql/tests/pretty.rs
expression: doc
---
========================================================================================================================================================================================================
SELECT p FROM g MATCH ANY 5 p = (a WHERE a.owner='Dave') -[t:Transfer]-> * (b WHERE b.owner='Aretha')
========================================================================================================================================================================================================

------------------------------------------------------------------------------------------------------------------------------------------------------------------------------------
SELECT p FROM g MATCH ANY 5 p = (a WHERE (a.owner = 'Dave')) -[t:Transfer]->* (b WHERE (b.owner = 'Aretha'))

------------------------------------------------------------------------------------------------------------------------
SELECT p FROM g MATCH ANY 5 p = (a WHERE (a.owner = 'Dave')) -[t:Transfer]->* (b WHERE (b.owner = 'Aretha'))

--------------------------------------------------------------------------------
SELECT p FROM g MATCH ANY 5
  p = (a WHERE (a.owner = 'Dave')) -[t:Transfer]->* (b WHERE (b.owner = 'Aretha'))

----------------------------------------
SELECT p FROM g MATCH ANY 5
  p = (a WHERE (a.owner = 'Dave')) -[t:Transfer]->* (b WHERE (b.owner = 'Aretha'))

------------------------------
SELECT p FROM g MATCH ANY 5
  p = (a WHERE (a.owner = 'Dave')) -[t:Transfer]->* (b WHERE (b.owner = 'Aretha'))

--------------------
SELECT p
FROM g MATCH ANY 5
  p = (a WHERE (a.owner = 'Dave')) -[t:Transfer]->* (b WHERE (b.owner = 'Aretha'))

----------
SELECT p
FROM g MATCH ANY 5
  p = (a WHERE (a.owner = 'Dave')) -[t:Transfer]->* (b WHERE (b.owner = 'Aretha'))
