---
source: partiql-ast/tests/pretty.rs
expression: doc
---
========================================================================================================================================================================================================
substring('test', 100)
========================================================================================================================================================================================================

------------------------------------------------------------------------------------------------------------------------------------------------------------------------------------
substring('test', 100)

------------------------------------------------------------------------------------------------------------------------
substring('test', 100)

--------------------------------------------------------------------------------
substring('test', 100)

----------------------------------------
substring('test', 100)

------------------------------
substring('test', 100)

--------------------
substring('test',
  100)

----------
substring('test',
  100)
